// Vitest Snapshot v1, https://vitest.dev/guide/snapshot.html

exports[`to CONSTANT_CASE 1`] = `
[
  {
    "caseType": "CONSTANT_CASE",
    "changed": true,
    "input": "camelCase",
    "output": "CAMEL_CASE",
  },
  {
    "caseType": "CONSTANT_CASE",
    "changed": true,
    "input": "Capital Case",
    "output": "CAPITAL_CASE",
  },
  {
    "caseType": "CONSTANT_CASE",
    "changed": true,
    "input": "Capital Case",
    "output": "CAPITAL_CASE",
  },
  {
    "caseType": "CONSTANT_CASE",
    "changed": false,
    "input": "CONSTANT_CASE",
    "output": "CONSTANT_CASE",
  },
  {
    "caseType": "CONSTANT_CASE",
    "changed": false,
    "input": "CONSTANT_CASE",
    "output": "CONSTANT_CASE",
  },
  {
    "caseType": "CONSTANT_CASE",
    "changed": true,
    "input": "dot.case",
    "output": "DOT_CASE",
  },
  {
    "caseType": "CONSTANT_CASE",
    "changed": true,
    "input": "dot.case",
    "output": "DOT_CASE",
  },
  {
    "caseType": "CONSTANT_CASE",
    "changed": true,
    "input": "kebab-case",
    "output": "KEBAB_CASE",
  },
  {
    "caseType": "CONSTANT_CASE",
    "changed": true,
    "input": "kebab-case",
    "output": "KEBAB_CASE",
  },
  {
    "caseType": "CONSTANT_CASE",
    "changed": true,
    "input": "no case",
    "output": "NO_CASE",
  },
  {
    "caseType": "CONSTANT_CASE",
    "changed": true,
    "input": "no case",
    "output": "NO_CASE",
  },
  {
    "caseType": "CONSTANT_CASE",
    "changed": true,
    "input": "Pascal_Snake_Case",
    "output": "PASCAL_SNAKE_CASE",
  },
  {
    "caseType": "CONSTANT_CASE",
    "changed": true,
    "input": "PascalCase",
    "output": "PASCAL_CASE",
  },
  {
    "caseType": "CONSTANT_CASE",
    "changed": true,
    "input": "PascalCase",
    "output": "PASCAL_CASE",
  },
  {
    "caseType": "CONSTANT_CASE",
    "changed": true,
    "input": "Pascal_Snake_Case",
    "output": "PASCAL_SNAKE_CASE",
  },
  {
    "caseType": "CONSTANT_CASE",
    "changed": true,
    "input": "path/case",
    "output": "PATH_CASE",
  },
  {
    "caseType": "CONSTANT_CASE",
    "changed": true,
    "input": "path/case",
    "output": "PATH_CASE",
  },
  {
    "caseType": "CONSTANT_CASE",
    "changed": true,
    "input": "Sentence case",
    "output": "SENTENCE_CASE",
  },
  {
    "caseType": "CONSTANT_CASE",
    "changed": true,
    "input": "Sentence case",
    "output": "SENTENCE_CASE",
  },
  {
    "caseType": "CONSTANT_CASE",
    "changed": true,
    "input": "snake_case",
    "output": "SNAKE_CASE",
  },
  {
    "caseType": "CONSTANT_CASE",
    "changed": true,
    "input": "snake_case",
    "output": "SNAKE_CASE",
  },
  {
    "caseType": "CONSTANT_CASE",
    "changed": true,
    "input": "Train-Case",
    "output": "TRAIN_CASE",
  },
  {
    "caseType": "CONSTANT_CASE",
    "changed": true,
    "input": "Train-Case",
    "output": "TRAIN_CASE",
  },
]
`;

exports[`to Capital Case 1`] = `
[
  {
    "caseType": "Capital Case",
    "changed": true,
    "input": "camelCase",
    "output": "Camel Case",
  },
  {
    "caseType": "Capital Case",
    "changed": false,
    "input": "Capital Case",
    "output": "Capital Case",
  },
  {
    "caseType": "Capital Case",
    "changed": false,
    "input": "Capital Case",
    "output": "Capital Case",
  },
  {
    "caseType": "Capital Case",
    "changed": true,
    "input": "CONSTANT_CASE",
    "output": "Constant Case",
  },
  {
    "caseType": "Capital Case",
    "changed": true,
    "input": "CONSTANT_CASE",
    "output": "Constant Case",
  },
  {
    "caseType": "Capital Case",
    "changed": true,
    "input": "dot.case",
    "output": "Dot Case",
  },
  {
    "caseType": "Capital Case",
    "changed": true,
    "input": "dot.case",
    "output": "Dot Case",
  },
  {
    "caseType": "Capital Case",
    "changed": true,
    "input": "kebab-case",
    "output": "Kebab Case",
  },
  {
    "caseType": "Capital Case",
    "changed": true,
    "input": "kebab-case",
    "output": "Kebab Case",
  },
  {
    "caseType": "Capital Case",
    "changed": true,
    "input": "no case",
    "output": "No Case",
  },
  {
    "caseType": "Capital Case",
    "changed": true,
    "input": "no case",
    "output": "No Case",
  },
  {
    "caseType": "Capital Case",
    "changed": true,
    "input": "Pascal_Snake_Case",
    "output": "Pascal Snake Case",
  },
  {
    "caseType": "Capital Case",
    "changed": true,
    "input": "PascalCase",
    "output": "Pascal Case",
  },
  {
    "caseType": "Capital Case",
    "changed": true,
    "input": "PascalCase",
    "output": "Pascal Case",
  },
  {
    "caseType": "Capital Case",
    "changed": true,
    "input": "Pascal_Snake_Case",
    "output": "Pascal Snake Case",
  },
  {
    "caseType": "Capital Case",
    "changed": true,
    "input": "path/case",
    "output": "Path Case",
  },
  {
    "caseType": "Capital Case",
    "changed": true,
    "input": "path/case",
    "output": "Path Case",
  },
  {
    "caseType": "Capital Case",
    "changed": true,
    "input": "Sentence case",
    "output": "Sentence Case",
  },
  {
    "caseType": "Capital Case",
    "changed": true,
    "input": "Sentence case",
    "output": "Sentence Case",
  },
  {
    "caseType": "Capital Case",
    "changed": true,
    "input": "snake_case",
    "output": "Snake Case",
  },
  {
    "caseType": "Capital Case",
    "changed": true,
    "input": "snake_case",
    "output": "Snake Case",
  },
  {
    "caseType": "Capital Case",
    "changed": true,
    "input": "Train-Case",
    "output": "Train Case",
  },
  {
    "caseType": "Capital Case",
    "changed": true,
    "input": "Train-Case",
    "output": "Train Case",
  },
]
`;

exports[`to Pascal_Snake_Case 1`] = `
[
  {
    "caseType": "Pascal_Snake_Case",
    "changed": true,
    "input": "camelCase",
    "output": "Camel_Case",
  },
  {
    "caseType": "Pascal_Snake_Case",
    "changed": true,
    "input": "Capital Case",
    "output": "Capital_Case",
  },
  {
    "caseType": "Pascal_Snake_Case",
    "changed": true,
    "input": "Capital Case",
    "output": "Capital_Case",
  },
  {
    "caseType": "Pascal_Snake_Case",
    "changed": true,
    "input": "CONSTANT_CASE",
    "output": "Constant_Case",
  },
  {
    "caseType": "Pascal_Snake_Case",
    "changed": true,
    "input": "CONSTANT_CASE",
    "output": "Constant_Case",
  },
  {
    "caseType": "Pascal_Snake_Case",
    "changed": true,
    "input": "dot.case",
    "output": "Dot_Case",
  },
  {
    "caseType": "Pascal_Snake_Case",
    "changed": true,
    "input": "dot.case",
    "output": "Dot_Case",
  },
  {
    "caseType": "Pascal_Snake_Case",
    "changed": true,
    "input": "kebab-case",
    "output": "Kebab_Case",
  },
  {
    "caseType": "Pascal_Snake_Case",
    "changed": true,
    "input": "kebab-case",
    "output": "Kebab_Case",
  },
  {
    "caseType": "Pascal_Snake_Case",
    "changed": true,
    "input": "no case",
    "output": "No_Case",
  },
  {
    "caseType": "Pascal_Snake_Case",
    "changed": true,
    "input": "no case",
    "output": "No_Case",
  },
  {
    "caseType": "Pascal_Snake_Case",
    "changed": false,
    "input": "Pascal_Snake_Case",
    "output": "Pascal_Snake_Case",
  },
  {
    "caseType": "Pascal_Snake_Case",
    "changed": true,
    "input": "PascalCase",
    "output": "Pascal_Case",
  },
  {
    "caseType": "Pascal_Snake_Case",
    "changed": true,
    "input": "PascalCase",
    "output": "Pascal_Case",
  },
  {
    "caseType": "Pascal_Snake_Case",
    "changed": false,
    "input": "Pascal_Snake_Case",
    "output": "Pascal_Snake_Case",
  },
  {
    "caseType": "Pascal_Snake_Case",
    "changed": true,
    "input": "path/case",
    "output": "Path_Case",
  },
  {
    "caseType": "Pascal_Snake_Case",
    "changed": true,
    "input": "path/case",
    "output": "Path_Case",
  },
  {
    "caseType": "Pascal_Snake_Case",
    "changed": true,
    "input": "Sentence case",
    "output": "Sentence_Case",
  },
  {
    "caseType": "Pascal_Snake_Case",
    "changed": true,
    "input": "Sentence case",
    "output": "Sentence_Case",
  },
  {
    "caseType": "Pascal_Snake_Case",
    "changed": true,
    "input": "snake_case",
    "output": "Snake_Case",
  },
  {
    "caseType": "Pascal_Snake_Case",
    "changed": true,
    "input": "snake_case",
    "output": "Snake_Case",
  },
  {
    "caseType": "Pascal_Snake_Case",
    "changed": true,
    "input": "Train-Case",
    "output": "Train_Case",
  },
  {
    "caseType": "Pascal_Snake_Case",
    "changed": true,
    "input": "Train-Case",
    "output": "Train_Case",
  },
]
`;

exports[`to PascalCase 1`] = `
[
  {
    "caseType": "PascalCase",
    "changed": true,
    "input": "camelCase",
    "output": "CamelCase",
  },
  {
    "caseType": "PascalCase",
    "changed": true,
    "input": "Capital Case",
    "output": "CapitalCase",
  },
  {
    "caseType": "PascalCase",
    "changed": true,
    "input": "Capital Case",
    "output": "CapitalCase",
  },
  {
    "caseType": "PascalCase",
    "changed": true,
    "input": "CONSTANT_CASE",
    "output": "ConstantCase",
  },
  {
    "caseType": "PascalCase",
    "changed": true,
    "input": "CONSTANT_CASE",
    "output": "ConstantCase",
  },
  {
    "caseType": "PascalCase",
    "changed": true,
    "input": "dot.case",
    "output": "DotCase",
  },
  {
    "caseType": "PascalCase",
    "changed": true,
    "input": "dot.case",
    "output": "DotCase",
  },
  {
    "caseType": "PascalCase",
    "changed": true,
    "input": "kebab-case",
    "output": "KebabCase",
  },
  {
    "caseType": "PascalCase",
    "changed": true,
    "input": "kebab-case",
    "output": "KebabCase",
  },
  {
    "caseType": "PascalCase",
    "changed": true,
    "input": "no case",
    "output": "NoCase",
  },
  {
    "caseType": "PascalCase",
    "changed": true,
    "input": "no case",
    "output": "NoCase",
  },
  {
    "caseType": "PascalCase",
    "changed": true,
    "input": "Pascal_Snake_Case",
    "output": "PascalSnakeCase",
  },
  {
    "caseType": "PascalCase",
    "changed": false,
    "input": "PascalCase",
    "output": "PascalCase",
  },
  {
    "caseType": "PascalCase",
    "changed": false,
    "input": "PascalCase",
    "output": "PascalCase",
  },
  {
    "caseType": "PascalCase",
    "changed": true,
    "input": "Pascal_Snake_Case",
    "output": "PascalSnakeCase",
  },
  {
    "caseType": "PascalCase",
    "changed": true,
    "input": "path/case",
    "output": "PathCase",
  },
  {
    "caseType": "PascalCase",
    "changed": true,
    "input": "path/case",
    "output": "PathCase",
  },
  {
    "caseType": "PascalCase",
    "changed": true,
    "input": "Sentence case",
    "output": "SentenceCase",
  },
  {
    "caseType": "PascalCase",
    "changed": true,
    "input": "Sentence case",
    "output": "SentenceCase",
  },
  {
    "caseType": "PascalCase",
    "changed": true,
    "input": "snake_case",
    "output": "SnakeCase",
  },
  {
    "caseType": "PascalCase",
    "changed": true,
    "input": "snake_case",
    "output": "SnakeCase",
  },
  {
    "caseType": "PascalCase",
    "changed": true,
    "input": "Train-Case",
    "output": "TrainCase",
  },
  {
    "caseType": "PascalCase",
    "changed": true,
    "input": "Train-Case",
    "output": "TrainCase",
  },
]
`;

exports[`to Sentence case 1`] = `
[
  {
    "caseType": "Sentence case",
    "changed": true,
    "input": "camelCase",
    "output": "Camel case",
  },
  {
    "caseType": "Sentence case",
    "changed": true,
    "input": "Capital Case",
    "output": "Capital case",
  },
  {
    "caseType": "Sentence case",
    "changed": true,
    "input": "Capital Case",
    "output": "Capital case",
  },
  {
    "caseType": "Sentence case",
    "changed": true,
    "input": "CONSTANT_CASE",
    "output": "Constant case",
  },
  {
    "caseType": "Sentence case",
    "changed": true,
    "input": "CONSTANT_CASE",
    "output": "Constant case",
  },
  {
    "caseType": "Sentence case",
    "changed": true,
    "input": "dot.case",
    "output": "Dot case",
  },
  {
    "caseType": "Sentence case",
    "changed": true,
    "input": "dot.case",
    "output": "Dot case",
  },
  {
    "caseType": "Sentence case",
    "changed": true,
    "input": "kebab-case",
    "output": "Kebab case",
  },
  {
    "caseType": "Sentence case",
    "changed": true,
    "input": "kebab-case",
    "output": "Kebab case",
  },
  {
    "caseType": "Sentence case",
    "changed": true,
    "input": "no case",
    "output": "No case",
  },
  {
    "caseType": "Sentence case",
    "changed": true,
    "input": "no case",
    "output": "No case",
  },
  {
    "caseType": "Sentence case",
    "changed": true,
    "input": "Pascal_Snake_Case",
    "output": "Pascal snake case",
  },
  {
    "caseType": "Sentence case",
    "changed": true,
    "input": "PascalCase",
    "output": "Pascal case",
  },
  {
    "caseType": "Sentence case",
    "changed": true,
    "input": "PascalCase",
    "output": "Pascal case",
  },
  {
    "caseType": "Sentence case",
    "changed": true,
    "input": "Pascal_Snake_Case",
    "output": "Pascal snake case",
  },
  {
    "caseType": "Sentence case",
    "changed": true,
    "input": "path/case",
    "output": "Path case",
  },
  {
    "caseType": "Sentence case",
    "changed": true,
    "input": "path/case",
    "output": "Path case",
  },
  {
    "caseType": "Sentence case",
    "changed": false,
    "input": "Sentence case",
    "output": "Sentence case",
  },
  {
    "caseType": "Sentence case",
    "changed": false,
    "input": "Sentence case",
    "output": "Sentence case",
  },
  {
    "caseType": "Sentence case",
    "changed": true,
    "input": "snake_case",
    "output": "Snake case",
  },
  {
    "caseType": "Sentence case",
    "changed": true,
    "input": "snake_case",
    "output": "Snake case",
  },
  {
    "caseType": "Sentence case",
    "changed": true,
    "input": "Train-Case",
    "output": "Train case",
  },
  {
    "caseType": "Sentence case",
    "changed": true,
    "input": "Train-Case",
    "output": "Train case",
  },
]
`;

exports[`to Train-Case 1`] = `
[
  {
    "caseType": "Train-Case",
    "changed": true,
    "input": "camelCase",
    "output": "Camel-Case",
  },
  {
    "caseType": "Train-Case",
    "changed": true,
    "input": "Capital Case",
    "output": "Capital-Case",
  },
  {
    "caseType": "Train-Case",
    "changed": true,
    "input": "Capital Case",
    "output": "Capital-Case",
  },
  {
    "caseType": "Train-Case",
    "changed": true,
    "input": "CONSTANT_CASE",
    "output": "Constant-Case",
  },
  {
    "caseType": "Train-Case",
    "changed": true,
    "input": "CONSTANT_CASE",
    "output": "Constant-Case",
  },
  {
    "caseType": "Train-Case",
    "changed": true,
    "input": "dot.case",
    "output": "Dot-Case",
  },
  {
    "caseType": "Train-Case",
    "changed": true,
    "input": "dot.case",
    "output": "Dot-Case",
  },
  {
    "caseType": "Train-Case",
    "changed": true,
    "input": "kebab-case",
    "output": "Kebab-Case",
  },
  {
    "caseType": "Train-Case",
    "changed": true,
    "input": "kebab-case",
    "output": "Kebab-Case",
  },
  {
    "caseType": "Train-Case",
    "changed": true,
    "input": "no case",
    "output": "No-Case",
  },
  {
    "caseType": "Train-Case",
    "changed": true,
    "input": "no case",
    "output": "No-Case",
  },
  {
    "caseType": "Train-Case",
    "changed": true,
    "input": "Pascal_Snake_Case",
    "output": "Pascal-Snake-Case",
  },
  {
    "caseType": "Train-Case",
    "changed": true,
    "input": "PascalCase",
    "output": "Pascal-Case",
  },
  {
    "caseType": "Train-Case",
    "changed": true,
    "input": "PascalCase",
    "output": "Pascal-Case",
  },
  {
    "caseType": "Train-Case",
    "changed": true,
    "input": "Pascal_Snake_Case",
    "output": "Pascal-Snake-Case",
  },
  {
    "caseType": "Train-Case",
    "changed": true,
    "input": "path/case",
    "output": "Path-Case",
  },
  {
    "caseType": "Train-Case",
    "changed": true,
    "input": "path/case",
    "output": "Path-Case",
  },
  {
    "caseType": "Train-Case",
    "changed": true,
    "input": "Sentence case",
    "output": "Sentence-Case",
  },
  {
    "caseType": "Train-Case",
    "changed": true,
    "input": "Sentence case",
    "output": "Sentence-Case",
  },
  {
    "caseType": "Train-Case",
    "changed": true,
    "input": "snake_case",
    "output": "Snake-Case",
  },
  {
    "caseType": "Train-Case",
    "changed": true,
    "input": "snake_case",
    "output": "Snake-Case",
  },
  {
    "caseType": "Train-Case",
    "changed": false,
    "input": "Train-Case",
    "output": "Train-Case",
  },
  {
    "caseType": "Train-Case",
    "changed": false,
    "input": "Train-Case",
    "output": "Train-Case",
  },
]
`;

exports[`to camelCase 1`] = `
[
  {
    "caseType": "camelCase",
    "changed": false,
    "input": "camelCase",
    "output": "camelCase",
  },
  {
    "caseType": "camelCase",
    "changed": true,
    "input": "Capital Case",
    "output": "capitalCase",
  },
  {
    "caseType": "camelCase",
    "changed": true,
    "input": "Capital Case",
    "output": "capitalCase",
  },
  {
    "caseType": "camelCase",
    "changed": true,
    "input": "CONSTANT_CASE",
    "output": "constantCase",
  },
  {
    "caseType": "camelCase",
    "changed": true,
    "input": "CONSTANT_CASE",
    "output": "constantCase",
  },
  {
    "caseType": "camelCase",
    "changed": true,
    "input": "dot.case",
    "output": "dotCase",
  },
  {
    "caseType": "camelCase",
    "changed": true,
    "input": "dot.case",
    "output": "dotCase",
  },
  {
    "caseType": "camelCase",
    "changed": true,
    "input": "kebab-case",
    "output": "kebabCase",
  },
  {
    "caseType": "camelCase",
    "changed": true,
    "input": "kebab-case",
    "output": "kebabCase",
  },
  {
    "caseType": "camelCase",
    "changed": true,
    "input": "no case",
    "output": "noCase",
  },
  {
    "caseType": "camelCase",
    "changed": true,
    "input": "no case",
    "output": "noCase",
  },
  {
    "caseType": "camelCase",
    "changed": true,
    "input": "Pascal_Snake_Case",
    "output": "pascalSnakeCase",
  },
  {
    "caseType": "camelCase",
    "changed": true,
    "input": "PascalCase",
    "output": "pascalCase",
  },
  {
    "caseType": "camelCase",
    "changed": true,
    "input": "PascalCase",
    "output": "pascalCase",
  },
  {
    "caseType": "camelCase",
    "changed": true,
    "input": "Pascal_Snake_Case",
    "output": "pascalSnakeCase",
  },
  {
    "caseType": "camelCase",
    "changed": true,
    "input": "path/case",
    "output": "pathCase",
  },
  {
    "caseType": "camelCase",
    "changed": true,
    "input": "path/case",
    "output": "pathCase",
  },
  {
    "caseType": "camelCase",
    "changed": true,
    "input": "Sentence case",
    "output": "sentenceCase",
  },
  {
    "caseType": "camelCase",
    "changed": true,
    "input": "Sentence case",
    "output": "sentenceCase",
  },
  {
    "caseType": "camelCase",
    "changed": true,
    "input": "snake_case",
    "output": "snakeCase",
  },
  {
    "caseType": "camelCase",
    "changed": true,
    "input": "snake_case",
    "output": "snakeCase",
  },
  {
    "caseType": "camelCase",
    "changed": true,
    "input": "Train-Case",
    "output": "trainCase",
  },
  {
    "caseType": "camelCase",
    "changed": true,
    "input": "Train-Case",
    "output": "trainCase",
  },
]
`;

exports[`to capitalCase 1`] = `
[
  {
    "caseType": "capitalCase",
    "changed": true,
    "input": "camelCase",
    "output": "Camel Case",
  },
  {
    "caseType": "capitalCase",
    "changed": false,
    "input": "Capital Case",
    "output": "Capital Case",
  },
  {
    "caseType": "capitalCase",
    "changed": false,
    "input": "Capital Case",
    "output": "Capital Case",
  },
  {
    "caseType": "capitalCase",
    "changed": true,
    "input": "CONSTANT_CASE",
    "output": "Constant Case",
  },
  {
    "caseType": "capitalCase",
    "changed": true,
    "input": "CONSTANT_CASE",
    "output": "Constant Case",
  },
  {
    "caseType": "capitalCase",
    "changed": true,
    "input": "dot.case",
    "output": "Dot Case",
  },
  {
    "caseType": "capitalCase",
    "changed": true,
    "input": "dot.case",
    "output": "Dot Case",
  },
  {
    "caseType": "capitalCase",
    "changed": true,
    "input": "kebab-case",
    "output": "Kebab Case",
  },
  {
    "caseType": "capitalCase",
    "changed": true,
    "input": "kebab-case",
    "output": "Kebab Case",
  },
  {
    "caseType": "capitalCase",
    "changed": true,
    "input": "no case",
    "output": "No Case",
  },
  {
    "caseType": "capitalCase",
    "changed": true,
    "input": "no case",
    "output": "No Case",
  },
  {
    "caseType": "capitalCase",
    "changed": true,
    "input": "Pascal_Snake_Case",
    "output": "Pascal Snake Case",
  },
  {
    "caseType": "capitalCase",
    "changed": true,
    "input": "PascalCase",
    "output": "Pascal Case",
  },
  {
    "caseType": "capitalCase",
    "changed": true,
    "input": "PascalCase",
    "output": "Pascal Case",
  },
  {
    "caseType": "capitalCase",
    "changed": true,
    "input": "Pascal_Snake_Case",
    "output": "Pascal Snake Case",
  },
  {
    "caseType": "capitalCase",
    "changed": true,
    "input": "path/case",
    "output": "Path Case",
  },
  {
    "caseType": "capitalCase",
    "changed": true,
    "input": "path/case",
    "output": "Path Case",
  },
  {
    "caseType": "capitalCase",
    "changed": true,
    "input": "Sentence case",
    "output": "Sentence Case",
  },
  {
    "caseType": "capitalCase",
    "changed": true,
    "input": "Sentence case",
    "output": "Sentence Case",
  },
  {
    "caseType": "capitalCase",
    "changed": true,
    "input": "snake_case",
    "output": "Snake Case",
  },
  {
    "caseType": "capitalCase",
    "changed": true,
    "input": "snake_case",
    "output": "Snake Case",
  },
  {
    "caseType": "capitalCase",
    "changed": true,
    "input": "Train-Case",
    "output": "Train Case",
  },
  {
    "caseType": "capitalCase",
    "changed": true,
    "input": "Train-Case",
    "output": "Train Case",
  },
]
`;

exports[`to constantCase 1`] = `
[
  {
    "caseType": "constantCase",
    "changed": true,
    "input": "camelCase",
    "output": "CAMEL_CASE",
  },
  {
    "caseType": "constantCase",
    "changed": true,
    "input": "Capital Case",
    "output": "CAPITAL_CASE",
  },
  {
    "caseType": "constantCase",
    "changed": true,
    "input": "Capital Case",
    "output": "CAPITAL_CASE",
  },
  {
    "caseType": "constantCase",
    "changed": false,
    "input": "CONSTANT_CASE",
    "output": "CONSTANT_CASE",
  },
  {
    "caseType": "constantCase",
    "changed": false,
    "input": "CONSTANT_CASE",
    "output": "CONSTANT_CASE",
  },
  {
    "caseType": "constantCase",
    "changed": true,
    "input": "dot.case",
    "output": "DOT_CASE",
  },
  {
    "caseType": "constantCase",
    "changed": true,
    "input": "dot.case",
    "output": "DOT_CASE",
  },
  {
    "caseType": "constantCase",
    "changed": true,
    "input": "kebab-case",
    "output": "KEBAB_CASE",
  },
  {
    "caseType": "constantCase",
    "changed": true,
    "input": "kebab-case",
    "output": "KEBAB_CASE",
  },
  {
    "caseType": "constantCase",
    "changed": true,
    "input": "no case",
    "output": "NO_CASE",
  },
  {
    "caseType": "constantCase",
    "changed": true,
    "input": "no case",
    "output": "NO_CASE",
  },
  {
    "caseType": "constantCase",
    "changed": true,
    "input": "Pascal_Snake_Case",
    "output": "PASCAL_SNAKE_CASE",
  },
  {
    "caseType": "constantCase",
    "changed": true,
    "input": "PascalCase",
    "output": "PASCAL_CASE",
  },
  {
    "caseType": "constantCase",
    "changed": true,
    "input": "PascalCase",
    "output": "PASCAL_CASE",
  },
  {
    "caseType": "constantCase",
    "changed": true,
    "input": "Pascal_Snake_Case",
    "output": "PASCAL_SNAKE_CASE",
  },
  {
    "caseType": "constantCase",
    "changed": true,
    "input": "path/case",
    "output": "PATH_CASE",
  },
  {
    "caseType": "constantCase",
    "changed": true,
    "input": "path/case",
    "output": "PATH_CASE",
  },
  {
    "caseType": "constantCase",
    "changed": true,
    "input": "Sentence case",
    "output": "SENTENCE_CASE",
  },
  {
    "caseType": "constantCase",
    "changed": true,
    "input": "Sentence case",
    "output": "SENTENCE_CASE",
  },
  {
    "caseType": "constantCase",
    "changed": true,
    "input": "snake_case",
    "output": "SNAKE_CASE",
  },
  {
    "caseType": "constantCase",
    "changed": true,
    "input": "snake_case",
    "output": "SNAKE_CASE",
  },
  {
    "caseType": "constantCase",
    "changed": true,
    "input": "Train-Case",
    "output": "TRAIN_CASE",
  },
  {
    "caseType": "constantCase",
    "changed": true,
    "input": "Train-Case",
    "output": "TRAIN_CASE",
  },
]
`;

exports[`to dot.case 1`] = `
[
  {
    "caseType": "dot.case",
    "changed": true,
    "input": "camelCase",
    "output": "camel.case",
  },
  {
    "caseType": "dot.case",
    "changed": true,
    "input": "Capital Case",
    "output": "capital.case",
  },
  {
    "caseType": "dot.case",
    "changed": true,
    "input": "Capital Case",
    "output": "capital.case",
  },
  {
    "caseType": "dot.case",
    "changed": true,
    "input": "CONSTANT_CASE",
    "output": "constant.case",
  },
  {
    "caseType": "dot.case",
    "changed": true,
    "input": "CONSTANT_CASE",
    "output": "constant.case",
  },
  {
    "caseType": "dot.case",
    "changed": false,
    "input": "dot.case",
    "output": "dot.case",
  },
  {
    "caseType": "dot.case",
    "changed": false,
    "input": "dot.case",
    "output": "dot.case",
  },
  {
    "caseType": "dot.case",
    "changed": true,
    "input": "kebab-case",
    "output": "kebab.case",
  },
  {
    "caseType": "dot.case",
    "changed": true,
    "input": "kebab-case",
    "output": "kebab.case",
  },
  {
    "caseType": "dot.case",
    "changed": true,
    "input": "no case",
    "output": "no.case",
  },
  {
    "caseType": "dot.case",
    "changed": true,
    "input": "no case",
    "output": "no.case",
  },
  {
    "caseType": "dot.case",
    "changed": true,
    "input": "Pascal_Snake_Case",
    "output": "pascal.snake.case",
  },
  {
    "caseType": "dot.case",
    "changed": true,
    "input": "PascalCase",
    "output": "pascal.case",
  },
  {
    "caseType": "dot.case",
    "changed": true,
    "input": "PascalCase",
    "output": "pascal.case",
  },
  {
    "caseType": "dot.case",
    "changed": true,
    "input": "Pascal_Snake_Case",
    "output": "pascal.snake.case",
  },
  {
    "caseType": "dot.case",
    "changed": true,
    "input": "path/case",
    "output": "path.case",
  },
  {
    "caseType": "dot.case",
    "changed": true,
    "input": "path/case",
    "output": "path.case",
  },
  {
    "caseType": "dot.case",
    "changed": true,
    "input": "Sentence case",
    "output": "sentence.case",
  },
  {
    "caseType": "dot.case",
    "changed": true,
    "input": "Sentence case",
    "output": "sentence.case",
  },
  {
    "caseType": "dot.case",
    "changed": true,
    "input": "snake_case",
    "output": "snake.case",
  },
  {
    "caseType": "dot.case",
    "changed": true,
    "input": "snake_case",
    "output": "snake.case",
  },
  {
    "caseType": "dot.case",
    "changed": true,
    "input": "Train-Case",
    "output": "train.case",
  },
  {
    "caseType": "dot.case",
    "changed": true,
    "input": "Train-Case",
    "output": "train.case",
  },
]
`;

exports[`to dotCase 1`] = `
[
  {
    "caseType": "dotCase",
    "changed": true,
    "input": "camelCase",
    "output": "camel.case",
  },
  {
    "caseType": "dotCase",
    "changed": true,
    "input": "Capital Case",
    "output": "capital.case",
  },
  {
    "caseType": "dotCase",
    "changed": true,
    "input": "Capital Case",
    "output": "capital.case",
  },
  {
    "caseType": "dotCase",
    "changed": true,
    "input": "CONSTANT_CASE",
    "output": "constant.case",
  },
  {
    "caseType": "dotCase",
    "changed": true,
    "input": "CONSTANT_CASE",
    "output": "constant.case",
  },
  {
    "caseType": "dotCase",
    "changed": false,
    "input": "dot.case",
    "output": "dot.case",
  },
  {
    "caseType": "dotCase",
    "changed": false,
    "input": "dot.case",
    "output": "dot.case",
  },
  {
    "caseType": "dotCase",
    "changed": true,
    "input": "kebab-case",
    "output": "kebab.case",
  },
  {
    "caseType": "dotCase",
    "changed": true,
    "input": "kebab-case",
    "output": "kebab.case",
  },
  {
    "caseType": "dotCase",
    "changed": true,
    "input": "no case",
    "output": "no.case",
  },
  {
    "caseType": "dotCase",
    "changed": true,
    "input": "no case",
    "output": "no.case",
  },
  {
    "caseType": "dotCase",
    "changed": true,
    "input": "Pascal_Snake_Case",
    "output": "pascal.snake.case",
  },
  {
    "caseType": "dotCase",
    "changed": true,
    "input": "PascalCase",
    "output": "pascal.case",
  },
  {
    "caseType": "dotCase",
    "changed": true,
    "input": "PascalCase",
    "output": "pascal.case",
  },
  {
    "caseType": "dotCase",
    "changed": true,
    "input": "Pascal_Snake_Case",
    "output": "pascal.snake.case",
  },
  {
    "caseType": "dotCase",
    "changed": true,
    "input": "path/case",
    "output": "path.case",
  },
  {
    "caseType": "dotCase",
    "changed": true,
    "input": "path/case",
    "output": "path.case",
  },
  {
    "caseType": "dotCase",
    "changed": true,
    "input": "Sentence case",
    "output": "sentence.case",
  },
  {
    "caseType": "dotCase",
    "changed": true,
    "input": "Sentence case",
    "output": "sentence.case",
  },
  {
    "caseType": "dotCase",
    "changed": true,
    "input": "snake_case",
    "output": "snake.case",
  },
  {
    "caseType": "dotCase",
    "changed": true,
    "input": "snake_case",
    "output": "snake.case",
  },
  {
    "caseType": "dotCase",
    "changed": true,
    "input": "Train-Case",
    "output": "train.case",
  },
  {
    "caseType": "dotCase",
    "changed": true,
    "input": "Train-Case",
    "output": "train.case",
  },
]
`;

exports[`to kebab-case 1`] = `
[
  {
    "caseType": "kebab-case",
    "changed": true,
    "input": "camelCase",
    "output": "camel-case",
  },
  {
    "caseType": "kebab-case",
    "changed": true,
    "input": "Capital Case",
    "output": "capital-case",
  },
  {
    "caseType": "kebab-case",
    "changed": true,
    "input": "Capital Case",
    "output": "capital-case",
  },
  {
    "caseType": "kebab-case",
    "changed": true,
    "input": "CONSTANT_CASE",
    "output": "constant-case",
  },
  {
    "caseType": "kebab-case",
    "changed": true,
    "input": "CONSTANT_CASE",
    "output": "constant-case",
  },
  {
    "caseType": "kebab-case",
    "changed": true,
    "input": "dot.case",
    "output": "dot-case",
  },
  {
    "caseType": "kebab-case",
    "changed": true,
    "input": "dot.case",
    "output": "dot-case",
  },
  {
    "caseType": "kebab-case",
    "changed": false,
    "input": "kebab-case",
    "output": "kebab-case",
  },
  {
    "caseType": "kebab-case",
    "changed": false,
    "input": "kebab-case",
    "output": "kebab-case",
  },
  {
    "caseType": "kebab-case",
    "changed": true,
    "input": "no case",
    "output": "no-case",
  },
  {
    "caseType": "kebab-case",
    "changed": true,
    "input": "no case",
    "output": "no-case",
  },
  {
    "caseType": "kebab-case",
    "changed": true,
    "input": "Pascal_Snake_Case",
    "output": "pascal-snake-case",
  },
  {
    "caseType": "kebab-case",
    "changed": true,
    "input": "PascalCase",
    "output": "pascal-case",
  },
  {
    "caseType": "kebab-case",
    "changed": true,
    "input": "PascalCase",
    "output": "pascal-case",
  },
  {
    "caseType": "kebab-case",
    "changed": true,
    "input": "Pascal_Snake_Case",
    "output": "pascal-snake-case",
  },
  {
    "caseType": "kebab-case",
    "changed": true,
    "input": "path/case",
    "output": "path-case",
  },
  {
    "caseType": "kebab-case",
    "changed": true,
    "input": "path/case",
    "output": "path-case",
  },
  {
    "caseType": "kebab-case",
    "changed": true,
    "input": "Sentence case",
    "output": "sentence-case",
  },
  {
    "caseType": "kebab-case",
    "changed": true,
    "input": "Sentence case",
    "output": "sentence-case",
  },
  {
    "caseType": "kebab-case",
    "changed": true,
    "input": "snake_case",
    "output": "snake-case",
  },
  {
    "caseType": "kebab-case",
    "changed": true,
    "input": "snake_case",
    "output": "snake-case",
  },
  {
    "caseType": "kebab-case",
    "changed": true,
    "input": "Train-Case",
    "output": "train-case",
  },
  {
    "caseType": "kebab-case",
    "changed": true,
    "input": "Train-Case",
    "output": "train-case",
  },
]
`;

exports[`to kebabCase 1`] = `
[
  {
    "caseType": "kebabCase",
    "changed": true,
    "input": "camelCase",
    "output": "camel-case",
  },
  {
    "caseType": "kebabCase",
    "changed": true,
    "input": "Capital Case",
    "output": "capital-case",
  },
  {
    "caseType": "kebabCase",
    "changed": true,
    "input": "Capital Case",
    "output": "capital-case",
  },
  {
    "caseType": "kebabCase",
    "changed": true,
    "input": "CONSTANT_CASE",
    "output": "constant-case",
  },
  {
    "caseType": "kebabCase",
    "changed": true,
    "input": "CONSTANT_CASE",
    "output": "constant-case",
  },
  {
    "caseType": "kebabCase",
    "changed": true,
    "input": "dot.case",
    "output": "dot-case",
  },
  {
    "caseType": "kebabCase",
    "changed": true,
    "input": "dot.case",
    "output": "dot-case",
  },
  {
    "caseType": "kebabCase",
    "changed": false,
    "input": "kebab-case",
    "output": "kebab-case",
  },
  {
    "caseType": "kebabCase",
    "changed": false,
    "input": "kebab-case",
    "output": "kebab-case",
  },
  {
    "caseType": "kebabCase",
    "changed": true,
    "input": "no case",
    "output": "no-case",
  },
  {
    "caseType": "kebabCase",
    "changed": true,
    "input": "no case",
    "output": "no-case",
  },
  {
    "caseType": "kebabCase",
    "changed": true,
    "input": "Pascal_Snake_Case",
    "output": "pascal-snake-case",
  },
  {
    "caseType": "kebabCase",
    "changed": true,
    "input": "PascalCase",
    "output": "pascal-case",
  },
  {
    "caseType": "kebabCase",
    "changed": true,
    "input": "PascalCase",
    "output": "pascal-case",
  },
  {
    "caseType": "kebabCase",
    "changed": true,
    "input": "Pascal_Snake_Case",
    "output": "pascal-snake-case",
  },
  {
    "caseType": "kebabCase",
    "changed": true,
    "input": "path/case",
    "output": "path-case",
  },
  {
    "caseType": "kebabCase",
    "changed": true,
    "input": "path/case",
    "output": "path-case",
  },
  {
    "caseType": "kebabCase",
    "changed": true,
    "input": "Sentence case",
    "output": "sentence-case",
  },
  {
    "caseType": "kebabCase",
    "changed": true,
    "input": "Sentence case",
    "output": "sentence-case",
  },
  {
    "caseType": "kebabCase",
    "changed": true,
    "input": "snake_case",
    "output": "snake-case",
  },
  {
    "caseType": "kebabCase",
    "changed": true,
    "input": "snake_case",
    "output": "snake-case",
  },
  {
    "caseType": "kebabCase",
    "changed": true,
    "input": "Train-Case",
    "output": "train-case",
  },
  {
    "caseType": "kebabCase",
    "changed": true,
    "input": "Train-Case",
    "output": "train-case",
  },
]
`;

exports[`to no case 1`] = `
[
  {
    "caseType": "no case",
    "changed": true,
    "input": "camelCase",
    "output": "camel case",
  },
  {
    "caseType": "no case",
    "changed": true,
    "input": "Capital Case",
    "output": "capital case",
  },
  {
    "caseType": "no case",
    "changed": true,
    "input": "Capital Case",
    "output": "capital case",
  },
  {
    "caseType": "no case",
    "changed": true,
    "input": "CONSTANT_CASE",
    "output": "constant case",
  },
  {
    "caseType": "no case",
    "changed": true,
    "input": "CONSTANT_CASE",
    "output": "constant case",
  },
  {
    "caseType": "no case",
    "changed": true,
    "input": "dot.case",
    "output": "dot case",
  },
  {
    "caseType": "no case",
    "changed": true,
    "input": "dot.case",
    "output": "dot case",
  },
  {
    "caseType": "no case",
    "changed": true,
    "input": "kebab-case",
    "output": "kebab case",
  },
  {
    "caseType": "no case",
    "changed": true,
    "input": "kebab-case",
    "output": "kebab case",
  },
  {
    "caseType": "no case",
    "changed": false,
    "input": "no case",
    "output": "no case",
  },
  {
    "caseType": "no case",
    "changed": false,
    "input": "no case",
    "output": "no case",
  },
  {
    "caseType": "no case",
    "changed": true,
    "input": "Pascal_Snake_Case",
    "output": "pascal snake case",
  },
  {
    "caseType": "no case",
    "changed": true,
    "input": "PascalCase",
    "output": "pascal case",
  },
  {
    "caseType": "no case",
    "changed": true,
    "input": "PascalCase",
    "output": "pascal case",
  },
  {
    "caseType": "no case",
    "changed": true,
    "input": "Pascal_Snake_Case",
    "output": "pascal snake case",
  },
  {
    "caseType": "no case",
    "changed": true,
    "input": "path/case",
    "output": "path case",
  },
  {
    "caseType": "no case",
    "changed": true,
    "input": "path/case",
    "output": "path case",
  },
  {
    "caseType": "no case",
    "changed": true,
    "input": "Sentence case",
    "output": "sentence case",
  },
  {
    "caseType": "no case",
    "changed": true,
    "input": "Sentence case",
    "output": "sentence case",
  },
  {
    "caseType": "no case",
    "changed": true,
    "input": "snake_case",
    "output": "snake case",
  },
  {
    "caseType": "no case",
    "changed": true,
    "input": "snake_case",
    "output": "snake case",
  },
  {
    "caseType": "no case",
    "changed": true,
    "input": "Train-Case",
    "output": "train case",
  },
  {
    "caseType": "no case",
    "changed": true,
    "input": "Train-Case",
    "output": "train case",
  },
]
`;

exports[`to noCase 1`] = `
[
  {
    "caseType": "noCase",
    "changed": true,
    "input": "camelCase",
    "output": "camel case",
  },
  {
    "caseType": "noCase",
    "changed": true,
    "input": "Capital Case",
    "output": "capital case",
  },
  {
    "caseType": "noCase",
    "changed": true,
    "input": "Capital Case",
    "output": "capital case",
  },
  {
    "caseType": "noCase",
    "changed": true,
    "input": "CONSTANT_CASE",
    "output": "constant case",
  },
  {
    "caseType": "noCase",
    "changed": true,
    "input": "CONSTANT_CASE",
    "output": "constant case",
  },
  {
    "caseType": "noCase",
    "changed": true,
    "input": "dot.case",
    "output": "dot case",
  },
  {
    "caseType": "noCase",
    "changed": true,
    "input": "dot.case",
    "output": "dot case",
  },
  {
    "caseType": "noCase",
    "changed": true,
    "input": "kebab-case",
    "output": "kebab case",
  },
  {
    "caseType": "noCase",
    "changed": true,
    "input": "kebab-case",
    "output": "kebab case",
  },
  {
    "caseType": "noCase",
    "changed": false,
    "input": "no case",
    "output": "no case",
  },
  {
    "caseType": "noCase",
    "changed": false,
    "input": "no case",
    "output": "no case",
  },
  {
    "caseType": "noCase",
    "changed": true,
    "input": "Pascal_Snake_Case",
    "output": "pascal snake case",
  },
  {
    "caseType": "noCase",
    "changed": true,
    "input": "PascalCase",
    "output": "pascal case",
  },
  {
    "caseType": "noCase",
    "changed": true,
    "input": "PascalCase",
    "output": "pascal case",
  },
  {
    "caseType": "noCase",
    "changed": true,
    "input": "Pascal_Snake_Case",
    "output": "pascal snake case",
  },
  {
    "caseType": "noCase",
    "changed": true,
    "input": "path/case",
    "output": "path case",
  },
  {
    "caseType": "noCase",
    "changed": true,
    "input": "path/case",
    "output": "path case",
  },
  {
    "caseType": "noCase",
    "changed": true,
    "input": "Sentence case",
    "output": "sentence case",
  },
  {
    "caseType": "noCase",
    "changed": true,
    "input": "Sentence case",
    "output": "sentence case",
  },
  {
    "caseType": "noCase",
    "changed": true,
    "input": "snake_case",
    "output": "snake case",
  },
  {
    "caseType": "noCase",
    "changed": true,
    "input": "snake_case",
    "output": "snake case",
  },
  {
    "caseType": "noCase",
    "changed": true,
    "input": "Train-Case",
    "output": "train case",
  },
  {
    "caseType": "noCase",
    "changed": true,
    "input": "Train-Case",
    "output": "train case",
  },
]
`;

exports[`to pascalCase 1`] = `
[
  {
    "caseType": "pascalCase",
    "changed": true,
    "input": "camelCase",
    "output": "CamelCase",
  },
  {
    "caseType": "pascalCase",
    "changed": true,
    "input": "Capital Case",
    "output": "CapitalCase",
  },
  {
    "caseType": "pascalCase",
    "changed": true,
    "input": "Capital Case",
    "output": "CapitalCase",
  },
  {
    "caseType": "pascalCase",
    "changed": true,
    "input": "CONSTANT_CASE",
    "output": "ConstantCase",
  },
  {
    "caseType": "pascalCase",
    "changed": true,
    "input": "CONSTANT_CASE",
    "output": "ConstantCase",
  },
  {
    "caseType": "pascalCase",
    "changed": true,
    "input": "dot.case",
    "output": "DotCase",
  },
  {
    "caseType": "pascalCase",
    "changed": true,
    "input": "dot.case",
    "output": "DotCase",
  },
  {
    "caseType": "pascalCase",
    "changed": true,
    "input": "kebab-case",
    "output": "KebabCase",
  },
  {
    "caseType": "pascalCase",
    "changed": true,
    "input": "kebab-case",
    "output": "KebabCase",
  },
  {
    "caseType": "pascalCase",
    "changed": true,
    "input": "no case",
    "output": "NoCase",
  },
  {
    "caseType": "pascalCase",
    "changed": true,
    "input": "no case",
    "output": "NoCase",
  },
  {
    "caseType": "pascalCase",
    "changed": true,
    "input": "Pascal_Snake_Case",
    "output": "PascalSnakeCase",
  },
  {
    "caseType": "pascalCase",
    "changed": false,
    "input": "PascalCase",
    "output": "PascalCase",
  },
  {
    "caseType": "pascalCase",
    "changed": false,
    "input": "PascalCase",
    "output": "PascalCase",
  },
  {
    "caseType": "pascalCase",
    "changed": true,
    "input": "Pascal_Snake_Case",
    "output": "PascalSnakeCase",
  },
  {
    "caseType": "pascalCase",
    "changed": true,
    "input": "path/case",
    "output": "PathCase",
  },
  {
    "caseType": "pascalCase",
    "changed": true,
    "input": "path/case",
    "output": "PathCase",
  },
  {
    "caseType": "pascalCase",
    "changed": true,
    "input": "Sentence case",
    "output": "SentenceCase",
  },
  {
    "caseType": "pascalCase",
    "changed": true,
    "input": "Sentence case",
    "output": "SentenceCase",
  },
  {
    "caseType": "pascalCase",
    "changed": true,
    "input": "snake_case",
    "output": "SnakeCase",
  },
  {
    "caseType": "pascalCase",
    "changed": true,
    "input": "snake_case",
    "output": "SnakeCase",
  },
  {
    "caseType": "pascalCase",
    "changed": true,
    "input": "Train-Case",
    "output": "TrainCase",
  },
  {
    "caseType": "pascalCase",
    "changed": true,
    "input": "Train-Case",
    "output": "TrainCase",
  },
]
`;

exports[`to pascalSnakeCase 1`] = `
[
  {
    "caseType": "pascalSnakeCase",
    "changed": true,
    "input": "camelCase",
    "output": "Camel_Case",
  },
  {
    "caseType": "pascalSnakeCase",
    "changed": true,
    "input": "Capital Case",
    "output": "Capital_Case",
  },
  {
    "caseType": "pascalSnakeCase",
    "changed": true,
    "input": "Capital Case",
    "output": "Capital_Case",
  },
  {
    "caseType": "pascalSnakeCase",
    "changed": true,
    "input": "CONSTANT_CASE",
    "output": "Constant_Case",
  },
  {
    "caseType": "pascalSnakeCase",
    "changed": true,
    "input": "CONSTANT_CASE",
    "output": "Constant_Case",
  },
  {
    "caseType": "pascalSnakeCase",
    "changed": true,
    "input": "dot.case",
    "output": "Dot_Case",
  },
  {
    "caseType": "pascalSnakeCase",
    "changed": true,
    "input": "dot.case",
    "output": "Dot_Case",
  },
  {
    "caseType": "pascalSnakeCase",
    "changed": true,
    "input": "kebab-case",
    "output": "Kebab_Case",
  },
  {
    "caseType": "pascalSnakeCase",
    "changed": true,
    "input": "kebab-case",
    "output": "Kebab_Case",
  },
  {
    "caseType": "pascalSnakeCase",
    "changed": true,
    "input": "no case",
    "output": "No_Case",
  },
  {
    "caseType": "pascalSnakeCase",
    "changed": true,
    "input": "no case",
    "output": "No_Case",
  },
  {
    "caseType": "pascalSnakeCase",
    "changed": false,
    "input": "Pascal_Snake_Case",
    "output": "Pascal_Snake_Case",
  },
  {
    "caseType": "pascalSnakeCase",
    "changed": true,
    "input": "PascalCase",
    "output": "Pascal_Case",
  },
  {
    "caseType": "pascalSnakeCase",
    "changed": true,
    "input": "PascalCase",
    "output": "Pascal_Case",
  },
  {
    "caseType": "pascalSnakeCase",
    "changed": false,
    "input": "Pascal_Snake_Case",
    "output": "Pascal_Snake_Case",
  },
  {
    "caseType": "pascalSnakeCase",
    "changed": true,
    "input": "path/case",
    "output": "Path_Case",
  },
  {
    "caseType": "pascalSnakeCase",
    "changed": true,
    "input": "path/case",
    "output": "Path_Case",
  },
  {
    "caseType": "pascalSnakeCase",
    "changed": true,
    "input": "Sentence case",
    "output": "Sentence_Case",
  },
  {
    "caseType": "pascalSnakeCase",
    "changed": true,
    "input": "Sentence case",
    "output": "Sentence_Case",
  },
  {
    "caseType": "pascalSnakeCase",
    "changed": true,
    "input": "snake_case",
    "output": "Snake_Case",
  },
  {
    "caseType": "pascalSnakeCase",
    "changed": true,
    "input": "snake_case",
    "output": "Snake_Case",
  },
  {
    "caseType": "pascalSnakeCase",
    "changed": true,
    "input": "Train-Case",
    "output": "Train_Case",
  },
  {
    "caseType": "pascalSnakeCase",
    "changed": true,
    "input": "Train-Case",
    "output": "Train_Case",
  },
]
`;

exports[`to path/case 1`] = `
[
  {
    "caseType": "path/case",
    "changed": true,
    "input": "camelCase",
    "output": "camel/case",
  },
  {
    "caseType": "path/case",
    "changed": true,
    "input": "Capital Case",
    "output": "capital/case",
  },
  {
    "caseType": "path/case",
    "changed": true,
    "input": "Capital Case",
    "output": "capital/case",
  },
  {
    "caseType": "path/case",
    "changed": true,
    "input": "CONSTANT_CASE",
    "output": "constant/case",
  },
  {
    "caseType": "path/case",
    "changed": true,
    "input": "CONSTANT_CASE",
    "output": "constant/case",
  },
  {
    "caseType": "path/case",
    "changed": true,
    "input": "dot.case",
    "output": "dot/case",
  },
  {
    "caseType": "path/case",
    "changed": true,
    "input": "dot.case",
    "output": "dot/case",
  },
  {
    "caseType": "path/case",
    "changed": true,
    "input": "kebab-case",
    "output": "kebab/case",
  },
  {
    "caseType": "path/case",
    "changed": true,
    "input": "kebab-case",
    "output": "kebab/case",
  },
  {
    "caseType": "path/case",
    "changed": true,
    "input": "no case",
    "output": "no/case",
  },
  {
    "caseType": "path/case",
    "changed": true,
    "input": "no case",
    "output": "no/case",
  },
  {
    "caseType": "path/case",
    "changed": true,
    "input": "Pascal_Snake_Case",
    "output": "pascal/snake/case",
  },
  {
    "caseType": "path/case",
    "changed": true,
    "input": "PascalCase",
    "output": "pascal/case",
  },
  {
    "caseType": "path/case",
    "changed": true,
    "input": "PascalCase",
    "output": "pascal/case",
  },
  {
    "caseType": "path/case",
    "changed": true,
    "input": "Pascal_Snake_Case",
    "output": "pascal/snake/case",
  },
  {
    "caseType": "path/case",
    "changed": false,
    "input": "path/case",
    "output": "path/case",
  },
  {
    "caseType": "path/case",
    "changed": false,
    "input": "path/case",
    "output": "path/case",
  },
  {
    "caseType": "path/case",
    "changed": true,
    "input": "Sentence case",
    "output": "sentence/case",
  },
  {
    "caseType": "path/case",
    "changed": true,
    "input": "Sentence case",
    "output": "sentence/case",
  },
  {
    "caseType": "path/case",
    "changed": true,
    "input": "snake_case",
    "output": "snake/case",
  },
  {
    "caseType": "path/case",
    "changed": true,
    "input": "snake_case",
    "output": "snake/case",
  },
  {
    "caseType": "path/case",
    "changed": true,
    "input": "Train-Case",
    "output": "train/case",
  },
  {
    "caseType": "path/case",
    "changed": true,
    "input": "Train-Case",
    "output": "train/case",
  },
]
`;

exports[`to pathCase 1`] = `
[
  {
    "caseType": "pathCase",
    "changed": true,
    "input": "camelCase",
    "output": "camel/case",
  },
  {
    "caseType": "pathCase",
    "changed": true,
    "input": "Capital Case",
    "output": "capital/case",
  },
  {
    "caseType": "pathCase",
    "changed": true,
    "input": "Capital Case",
    "output": "capital/case",
  },
  {
    "caseType": "pathCase",
    "changed": true,
    "input": "CONSTANT_CASE",
    "output": "constant/case",
  },
  {
    "caseType": "pathCase",
    "changed": true,
    "input": "CONSTANT_CASE",
    "output": "constant/case",
  },
  {
    "caseType": "pathCase",
    "changed": true,
    "input": "dot.case",
    "output": "dot/case",
  },
  {
    "caseType": "pathCase",
    "changed": true,
    "input": "dot.case",
    "output": "dot/case",
  },
  {
    "caseType": "pathCase",
    "changed": true,
    "input": "kebab-case",
    "output": "kebab/case",
  },
  {
    "caseType": "pathCase",
    "changed": true,
    "input": "kebab-case",
    "output": "kebab/case",
  },
  {
    "caseType": "pathCase",
    "changed": true,
    "input": "no case",
    "output": "no/case",
  },
  {
    "caseType": "pathCase",
    "changed": true,
    "input": "no case",
    "output": "no/case",
  },
  {
    "caseType": "pathCase",
    "changed": true,
    "input": "Pascal_Snake_Case",
    "output": "pascal/snake/case",
  },
  {
    "caseType": "pathCase",
    "changed": true,
    "input": "PascalCase",
    "output": "pascal/case",
  },
  {
    "caseType": "pathCase",
    "changed": true,
    "input": "PascalCase",
    "output": "pascal/case",
  },
  {
    "caseType": "pathCase",
    "changed": true,
    "input": "Pascal_Snake_Case",
    "output": "pascal/snake/case",
  },
  {
    "caseType": "pathCase",
    "changed": false,
    "input": "path/case",
    "output": "path/case",
  },
  {
    "caseType": "pathCase",
    "changed": false,
    "input": "path/case",
    "output": "path/case",
  },
  {
    "caseType": "pathCase",
    "changed": true,
    "input": "Sentence case",
    "output": "sentence/case",
  },
  {
    "caseType": "pathCase",
    "changed": true,
    "input": "Sentence case",
    "output": "sentence/case",
  },
  {
    "caseType": "pathCase",
    "changed": true,
    "input": "snake_case",
    "output": "snake/case",
  },
  {
    "caseType": "pathCase",
    "changed": true,
    "input": "snake_case",
    "output": "snake/case",
  },
  {
    "caseType": "pathCase",
    "changed": true,
    "input": "Train-Case",
    "output": "train/case",
  },
  {
    "caseType": "pathCase",
    "changed": true,
    "input": "Train-Case",
    "output": "train/case",
  },
]
`;

exports[`to sentenceCase 1`] = `
[
  {
    "caseType": "sentenceCase",
    "changed": true,
    "input": "camelCase",
    "output": "Camel case",
  },
  {
    "caseType": "sentenceCase",
    "changed": true,
    "input": "Capital Case",
    "output": "Capital case",
  },
  {
    "caseType": "sentenceCase",
    "changed": true,
    "input": "Capital Case",
    "output": "Capital case",
  },
  {
    "caseType": "sentenceCase",
    "changed": true,
    "input": "CONSTANT_CASE",
    "output": "Constant case",
  },
  {
    "caseType": "sentenceCase",
    "changed": true,
    "input": "CONSTANT_CASE",
    "output": "Constant case",
  },
  {
    "caseType": "sentenceCase",
    "changed": true,
    "input": "dot.case",
    "output": "Dot case",
  },
  {
    "caseType": "sentenceCase",
    "changed": true,
    "input": "dot.case",
    "output": "Dot case",
  },
  {
    "caseType": "sentenceCase",
    "changed": true,
    "input": "kebab-case",
    "output": "Kebab case",
  },
  {
    "caseType": "sentenceCase",
    "changed": true,
    "input": "kebab-case",
    "output": "Kebab case",
  },
  {
    "caseType": "sentenceCase",
    "changed": true,
    "input": "no case",
    "output": "No case",
  },
  {
    "caseType": "sentenceCase",
    "changed": true,
    "input": "no case",
    "output": "No case",
  },
  {
    "caseType": "sentenceCase",
    "changed": true,
    "input": "Pascal_Snake_Case",
    "output": "Pascal snake case",
  },
  {
    "caseType": "sentenceCase",
    "changed": true,
    "input": "PascalCase",
    "output": "Pascal case",
  },
  {
    "caseType": "sentenceCase",
    "changed": true,
    "input": "PascalCase",
    "output": "Pascal case",
  },
  {
    "caseType": "sentenceCase",
    "changed": true,
    "input": "Pascal_Snake_Case",
    "output": "Pascal snake case",
  },
  {
    "caseType": "sentenceCase",
    "changed": true,
    "input": "path/case",
    "output": "Path case",
  },
  {
    "caseType": "sentenceCase",
    "changed": true,
    "input": "path/case",
    "output": "Path case",
  },
  {
    "caseType": "sentenceCase",
    "changed": false,
    "input": "Sentence case",
    "output": "Sentence case",
  },
  {
    "caseType": "sentenceCase",
    "changed": false,
    "input": "Sentence case",
    "output": "Sentence case",
  },
  {
    "caseType": "sentenceCase",
    "changed": true,
    "input": "snake_case",
    "output": "Snake case",
  },
  {
    "caseType": "sentenceCase",
    "changed": true,
    "input": "snake_case",
    "output": "Snake case",
  },
  {
    "caseType": "sentenceCase",
    "changed": true,
    "input": "Train-Case",
    "output": "Train case",
  },
  {
    "caseType": "sentenceCase",
    "changed": true,
    "input": "Train-Case",
    "output": "Train case",
  },
]
`;

exports[`to snake_case 1`] = `
[
  {
    "caseType": "snake_case",
    "changed": true,
    "input": "camelCase",
    "output": "camel_case",
  },
  {
    "caseType": "snake_case",
    "changed": true,
    "input": "Capital Case",
    "output": "capital_case",
  },
  {
    "caseType": "snake_case",
    "changed": true,
    "input": "Capital Case",
    "output": "capital_case",
  },
  {
    "caseType": "snake_case",
    "changed": true,
    "input": "CONSTANT_CASE",
    "output": "constant_case",
  },
  {
    "caseType": "snake_case",
    "changed": true,
    "input": "CONSTANT_CASE",
    "output": "constant_case",
  },
  {
    "caseType": "snake_case",
    "changed": true,
    "input": "dot.case",
    "output": "dot_case",
  },
  {
    "caseType": "snake_case",
    "changed": true,
    "input": "dot.case",
    "output": "dot_case",
  },
  {
    "caseType": "snake_case",
    "changed": true,
    "input": "kebab-case",
    "output": "kebab_case",
  },
  {
    "caseType": "snake_case",
    "changed": true,
    "input": "kebab-case",
    "output": "kebab_case",
  },
  {
    "caseType": "snake_case",
    "changed": true,
    "input": "no case",
    "output": "no_case",
  },
  {
    "caseType": "snake_case",
    "changed": true,
    "input": "no case",
    "output": "no_case",
  },
  {
    "caseType": "snake_case",
    "changed": true,
    "input": "Pascal_Snake_Case",
    "output": "pascal_snake_case",
  },
  {
    "caseType": "snake_case",
    "changed": true,
    "input": "PascalCase",
    "output": "pascal_case",
  },
  {
    "caseType": "snake_case",
    "changed": true,
    "input": "PascalCase",
    "output": "pascal_case",
  },
  {
    "caseType": "snake_case",
    "changed": true,
    "input": "Pascal_Snake_Case",
    "output": "pascal_snake_case",
  },
  {
    "caseType": "snake_case",
    "changed": true,
    "input": "path/case",
    "output": "path_case",
  },
  {
    "caseType": "snake_case",
    "changed": true,
    "input": "path/case",
    "output": "path_case",
  },
  {
    "caseType": "snake_case",
    "changed": true,
    "input": "Sentence case",
    "output": "sentence_case",
  },
  {
    "caseType": "snake_case",
    "changed": true,
    "input": "Sentence case",
    "output": "sentence_case",
  },
  {
    "caseType": "snake_case",
    "changed": false,
    "input": "snake_case",
    "output": "snake_case",
  },
  {
    "caseType": "snake_case",
    "changed": false,
    "input": "snake_case",
    "output": "snake_case",
  },
  {
    "caseType": "snake_case",
    "changed": true,
    "input": "Train-Case",
    "output": "train_case",
  },
  {
    "caseType": "snake_case",
    "changed": true,
    "input": "Train-Case",
    "output": "train_case",
  },
]
`;

exports[`to snakeCase 1`] = `
[
  {
    "caseType": "snakeCase",
    "changed": true,
    "input": "camelCase",
    "output": "camel_case",
  },
  {
    "caseType": "snakeCase",
    "changed": true,
    "input": "Capital Case",
    "output": "capital_case",
  },
  {
    "caseType": "snakeCase",
    "changed": true,
    "input": "Capital Case",
    "output": "capital_case",
  },
  {
    "caseType": "snakeCase",
    "changed": true,
    "input": "CONSTANT_CASE",
    "output": "constant_case",
  },
  {
    "caseType": "snakeCase",
    "changed": true,
    "input": "CONSTANT_CASE",
    "output": "constant_case",
  },
  {
    "caseType": "snakeCase",
    "changed": true,
    "input": "dot.case",
    "output": "dot_case",
  },
  {
    "caseType": "snakeCase",
    "changed": true,
    "input": "dot.case",
    "output": "dot_case",
  },
  {
    "caseType": "snakeCase",
    "changed": true,
    "input": "kebab-case",
    "output": "kebab_case",
  },
  {
    "caseType": "snakeCase",
    "changed": true,
    "input": "kebab-case",
    "output": "kebab_case",
  },
  {
    "caseType": "snakeCase",
    "changed": true,
    "input": "no case",
    "output": "no_case",
  },
  {
    "caseType": "snakeCase",
    "changed": true,
    "input": "no case",
    "output": "no_case",
  },
  {
    "caseType": "snakeCase",
    "changed": true,
    "input": "Pascal_Snake_Case",
    "output": "pascal_snake_case",
  },
  {
    "caseType": "snakeCase",
    "changed": true,
    "input": "PascalCase",
    "output": "pascal_case",
  },
  {
    "caseType": "snakeCase",
    "changed": true,
    "input": "PascalCase",
    "output": "pascal_case",
  },
  {
    "caseType": "snakeCase",
    "changed": true,
    "input": "Pascal_Snake_Case",
    "output": "pascal_snake_case",
  },
  {
    "caseType": "snakeCase",
    "changed": true,
    "input": "path/case",
    "output": "path_case",
  },
  {
    "caseType": "snakeCase",
    "changed": true,
    "input": "path/case",
    "output": "path_case",
  },
  {
    "caseType": "snakeCase",
    "changed": true,
    "input": "Sentence case",
    "output": "sentence_case",
  },
  {
    "caseType": "snakeCase",
    "changed": true,
    "input": "Sentence case",
    "output": "sentence_case",
  },
  {
    "caseType": "snakeCase",
    "changed": false,
    "input": "snake_case",
    "output": "snake_case",
  },
  {
    "caseType": "snakeCase",
    "changed": false,
    "input": "snake_case",
    "output": "snake_case",
  },
  {
    "caseType": "snakeCase",
    "changed": true,
    "input": "Train-Case",
    "output": "train_case",
  },
  {
    "caseType": "snakeCase",
    "changed": true,
    "input": "Train-Case",
    "output": "train_case",
  },
]
`;

exports[`to trainCase 1`] = `
[
  {
    "caseType": "trainCase",
    "changed": true,
    "input": "camelCase",
    "output": "Camel-Case",
  },
  {
    "caseType": "trainCase",
    "changed": true,
    "input": "Capital Case",
    "output": "Capital-Case",
  },
  {
    "caseType": "trainCase",
    "changed": true,
    "input": "Capital Case",
    "output": "Capital-Case",
  },
  {
    "caseType": "trainCase",
    "changed": true,
    "input": "CONSTANT_CASE",
    "output": "Constant-Case",
  },
  {
    "caseType": "trainCase",
    "changed": true,
    "input": "CONSTANT_CASE",
    "output": "Constant-Case",
  },
  {
    "caseType": "trainCase",
    "changed": true,
    "input": "dot.case",
    "output": "Dot-Case",
  },
  {
    "caseType": "trainCase",
    "changed": true,
    "input": "dot.case",
    "output": "Dot-Case",
  },
  {
    "caseType": "trainCase",
    "changed": true,
    "input": "kebab-case",
    "output": "Kebab-Case",
  },
  {
    "caseType": "trainCase",
    "changed": true,
    "input": "kebab-case",
    "output": "Kebab-Case",
  },
  {
    "caseType": "trainCase",
    "changed": true,
    "input": "no case",
    "output": "No-Case",
  },
  {
    "caseType": "trainCase",
    "changed": true,
    "input": "no case",
    "output": "No-Case",
  },
  {
    "caseType": "trainCase",
    "changed": true,
    "input": "Pascal_Snake_Case",
    "output": "Pascal-Snake-Case",
  },
  {
    "caseType": "trainCase",
    "changed": true,
    "input": "PascalCase",
    "output": "Pascal-Case",
  },
  {
    "caseType": "trainCase",
    "changed": true,
    "input": "PascalCase",
    "output": "Pascal-Case",
  },
  {
    "caseType": "trainCase",
    "changed": true,
    "input": "Pascal_Snake_Case",
    "output": "Pascal-Snake-Case",
  },
  {
    "caseType": "trainCase",
    "changed": true,
    "input": "path/case",
    "output": "Path-Case",
  },
  {
    "caseType": "trainCase",
    "changed": true,
    "input": "path/case",
    "output": "Path-Case",
  },
  {
    "caseType": "trainCase",
    "changed": true,
    "input": "Sentence case",
    "output": "Sentence-Case",
  },
  {
    "caseType": "trainCase",
    "changed": true,
    "input": "Sentence case",
    "output": "Sentence-Case",
  },
  {
    "caseType": "trainCase",
    "changed": true,
    "input": "snake_case",
    "output": "Snake-Case",
  },
  {
    "caseType": "trainCase",
    "changed": true,
    "input": "snake_case",
    "output": "Snake-Case",
  },
  {
    "caseType": "trainCase",
    "changed": false,
    "input": "Train-Case",
    "output": "Train-Case",
  },
  {
    "caseType": "trainCase",
    "changed": false,
    "input": "Train-Case",
    "output": "Train-Case",
  },
]
`;
